
[1m[30m[46m RUN [49m[39m[22m [36mv4.1.5 [39m[90mC:/Users/home/studio[39m

npx.cmd : [90mstderr[2m | src/components/studio/__tests__/MemoryForm.shield.test.tsx
At line:1 char:1
+ npx.cmd vitest run *>&1 | Out-File -FilePath test_output.txt -Encodin ...
+ ~~~~~~~~~~~~~~~~~~~~~~~
    + CategoryInfo          : NotSpecified: ([90mstderr[2m...shield.test.tsx:String) [], RemoteException
    + FullyQualifiedErrorId : NativeCommandError
 
[22m[39mTESTIMONY: SERVICE_ACCOUNT_JSON is missing from environment variables.
TESTIMONY: Skipping Firebase Admin initialization - no valid service account available.

 [31mÔØ»[39m src/components/studio/__tests__/MemoryForm.shield.test.tsx [2m([22m[2m5 tests[22m[2m | [22m[31m5 failed[39m[2m)[22m[32m 89[2mms[22m[39m
[31m     [31m├ù[31m Shields local description from background updates when focused[39m[32m 49[2mms[22m[39m
[31m     [31m├ù[31m Allows background updates when NOT focused[39m[32m 9[2mms[22m[39m
[31m     [31m├ù[31m Allows "Major Changes" (AI Mentor) even when focused[39m[32m 9[2mms[22m[39m
[31m     [31m├ù[31m Stable during ID Transition (undefined -> ID)[39m[32m 9[2mms[22m[39m
[31m     [31m├ù[31m Resets state during Navigation (Prompt ID Change)[39m[32m 9[2mms[22m[39m

[31mÔÄ»ÔÄ»ÔÄ»ÔÄ»ÔÄ»ÔÄ»ÔÄ»[39m[1m[41m Failed Tests 5 [49m[22m[31mÔÄ»ÔÄ»ÔÄ»ÔÄ»ÔÄ»ÔÄ»ÔÄ»[39m

[41m[1m FAIL [22m[49m src/components/studio/__tests__/MemoryForm.shield.test.tsx[2m > [22mMemoryForm Data 
Shielding (Split-Brain Prevention)[2m > [22mShields local description from background updates when focused
[41m[1m FAIL [22m[49m src/components/studio/__tests__/MemoryForm.shield.test.tsx[2m > [22mMemoryForm Data 
Shielding (Split-Brain Prevention)[2m > [22mAllows background updates when NOT focused
[41m[1m FAIL [22m[49m src/components/studio/__tests__/MemoryForm.shield.test.tsx[2m > [22mMemoryForm Data 
Shielding (Split-Brain Prevention)[2m > [22mAllows "Major Changes" (AI Mentor) even when focused
[41m[1m FAIL [22m[49m src/components/studio/__tests__/MemoryForm.shield.test.tsx[2m > [22mMemoryForm Data 
Shielding (Split-Brain Prevention)[2m > [22mStable during ID Transition (undefined -> ID)
[41m[1m FAIL [22m[49m src/components/studio/__tests__/MemoryForm.shield.test.tsx[2m > [22mMemoryForm Data 
Shielding (Split-Brain Prevention)[2m > [22mResets state during Navigation (Prompt ID Change)
[31m[1mTypeError[22m: Cannot read properties of undefined (reading 'length')[39m
[36m [2mÔØ»[22m MemoryForm src/components/studio/MemoryForm.tsx:[2m1209:52[22m[39m
    [90m1207|[39m                                     [33m<[39m[33mdiv[39m 
[33mclassName[39m[33m=[39m[33m{[39m[34mcn[39m(
    [90m1208|[39m                                       "flex items-center gap-3 transitÔÇª
    [90m1209|[39m                                       (descAnchors.length > 0) ? "opacÔÇª
    [90m   |[39m                                                    [31m^[39m
    [90m1210|[39m                                     )[33m}[39m[33m>[39m
    [90m1211|[39m                                       <div className={cn("flex items-cÔÇª
[90m [2mÔØ»[22m Object.react_stack_bottom_frame 
node_modules/react-dom/cjs/react-dom-client.development.js:[2m25904:20[22m[39m
[90m [2mÔØ»[22m renderWithHooks node_modules/react-dom/cjs/react-dom-client.development.js:[2m7662:22[22m[39m
[90m [2mÔØ»[22m updateFunctionComponent 
node_modules/react-dom/cjs/react-dom-client.development.js:[2m10166:19[22m[39m
[90m [2mÔØ»[22m beginWork node_modules/react-dom/cjs/react-dom-client.development.js:[2m11778:18[22m[39m
[90m [2mÔØ»[22m runWithFiberInDEV node_modules/react-dom/cjs/react-dom-client.development.js:[2m874:13[22m[39m
[90m [2mÔØ»[22m performUnitOfWork node_modules/react-dom/cjs/react-dom-client.development.js:[2m17641:22[22m[39m
[90m [2mÔØ»[22m workLoopSync node_modules/react-dom/cjs/react-dom-client.development.js:[2m17469:41[22m[39m
[90m [2mÔØ»[22m renderRootSync node_modules/react-dom/cjs/react-dom-client.development.js:[2m17450:11[22m[39m
[90m [2mÔØ»[22m performWorkOnRoot node_modules/react-dom/cjs/react-dom-client.development.js:[2m16583:35[22m[39m

[31m[2mÔÄ»ÔÄ»ÔÄ»ÔÄ»ÔÄ»ÔÄ»ÔÄ»ÔÄ»ÔÄ»ÔÄ»ÔÄ»ÔÄ»ÔÄ»ÔÄ»ÔÄ»ÔÄ»ÔÄ»ÔÄ»ÔÄ»ÔÄ»ÔÄ»ÔÄ»ÔÄ»ÔÄ»[1/5]ÔÄ»[22m[39m


[2m Test Files [22m [1m[31m1 failed[39m[22m[90m (1)[39m
[2m      Tests [22m [1m[31m5 failed[39m[22m[90m (5)[39m
[2m   Start at [22m 14:02:56
[2m   Duration [22m 3.70s[2m (transform 263ms, setup 276ms, import 1.84s, tests 89ms, environment 998ms)[22m

